[2025-08-22T12:23:11.779+0000] {taskinstance.py:1159} INFO - Dependencies all met for dep_context=non-requeueable deps ti=<TaskInstance: crypto_ml_pipeline.retrain_model scheduled__2025-08-22T06:22:37.143862+00:00 [queued]>
[2025-08-22T12:23:11.786+0000] {taskinstance.py:1159} INFO - Dependencies all met for dep_context=requeueable deps ti=<TaskInstance: crypto_ml_pipeline.retrain_model scheduled__2025-08-22T06:22:37.143862+00:00 [queued]>
[2025-08-22T12:23:11.788+0000] {taskinstance.py:1361} INFO - Starting attempt 1 of 2
[2025-08-22T12:23:11.792+0000] {taskinstance.py:1382} INFO - Executing <Task(PythonOperator): retrain_model> on 2025-08-22 06:22:37.143862+00:00
[2025-08-22T12:23:11.798+0000] {standard_task_runner.py:57} INFO - Started process 342 to run task
[2025-08-22T12:23:11.799+0000] {standard_task_runner.py:84} INFO - Running: ['airflow', 'tasks', 'run', 'crypto_ml_pipeline', 'retrain_model', 'scheduled__2025-08-22T06:22:37.143862+00:00', '--job-id', '8', '--raw', '--subdir', 'DAGS_FOLDER/crypto_ml_pipeline.py', '--cfg-path', '/tmp/tmpgp_ictbl']
[2025-08-22T12:23:11.804+0000] {standard_task_runner.py:85} INFO - Job 8: Subtask retrain_model
[2025-08-22T12:23:11.822+0000] {task_command.py:416} INFO - Running <TaskInstance: crypto_ml_pipeline.retrain_model scheduled__2025-08-22T06:22:37.143862+00:00 [running]> on host 47cb7092c4be
[2025-08-22T12:23:11.846+0000] {taskinstance.py:1662} INFO - Exporting env vars: AIRFLOW_CTX_DAG_OWNER='crypto-mlops' AIRFLOW_CTX_DAG_ID='crypto_ml_pipeline' AIRFLOW_CTX_TASK_ID='retrain_model' AIRFLOW_CTX_EXECUTION_DATE='2025-08-22T06:22:37.143862+00:00' AIRFLOW_CTX_TRY_NUMBER='1' AIRFLOW_CTX_DAG_RUN_ID='scheduled__2025-08-22T06:22:37.143862+00:00'
[2025-08-22T12:23:11.847+0000] {logging_mixin.py:151} INFO - ğŸ¤– Retraining ML model...
[2025-08-22T12:23:11.870+0000] {logging_mixin.py:151} INFO - ğŸ“Š Training data shape: (929, 16)
[2025-08-22T12:23:11.901+0000] {logging_mixin.py:151} WARNING - 2025/08/22 12:23:11 WARNING mlflow.utils.git_utils: Failed to import Git (the Git executable is probably not on your PATH), so Git SHA is not available. Error: Failed to initialize: Bad git executable.
The git executable must be specified in one of the following ways:
    - be included in your $PATH
    - be set via $GIT_PYTHON_GIT_EXECUTABLE
    - explicitly set via git.refresh(<full-path-to-git-executable>)

All git commands will error until this is rectified.

This initial message can be silenced or aggravated in the future by setting the
$GIT_PYTHON_REFRESH environment variable. Use one of the following values:
    - quiet|q|silence|s|silent|none|n|0: for no message or exception
    - warn|w|warning|log|l|1: for a warning message (logging level CRITICAL, displayed by default)
    - error|e|exception|raise|r|2: for a raised exception

Example:
    export GIT_PYTHON_REFRESH=quiet
[2025-08-22T12:23:11.926+0000] {logging_mixin.py:151} INFO - MLflow Run ID: 99c653af38ad49668bd052f7ae4af74a
[2025-08-22T12:23:11.926+0000] {volatility_lstm.py:102} INFO - Iniciando entrenamiento del modelo: crypto-predictor
[2025-08-22T12:23:11.950+0000] {volatility_lstm.py:55} INFO - Features preparadas. Filas: 858
[2025-08-22T12:23:11.950+0000] {volatility_lstm.py:127} INFO - Train samples: 686, Test samples: 172
[2025-08-22T12:23:11.952+0000] {volatility_lstm.py:139} INFO - Secuencias creadas - Train: 638, Test: 124
[2025-08-22T12:23:12.026+0000] {volatility_lstm.py:94} INFO - Modelo construido con 11 features
[2025-08-22T12:23:12.027+0000] {volatility_lstm.py:149} INFO - Iniciando entrenamiento...
[2025-08-22T12:23:12.058+0000] {logging_mixin.py:151} INFO - Epoch 1/30
[2025-08-22T12:23:13.065+0000] {logging_mixin.py:151} INFO -  1/40 â”â”â”â”â”â”â”â”â”â”â”â”â”â”â”â”â”â”â”â” 39s 1s/step - loss: 0.3208 - mae: 0.5287
[2025-08-22T12:23:13.123+0000] {logging_mixin.py:151} INFO -  5/40 â”â”â”â”â”â”â”â”â”â”â”â”â”â”â”â”â”â”â”â” 0s 15ms/step - loss: 0.2144 - mae: 0.3987
[2025-08-22T12:23:13.182+0000] {logging_mixin.py:151} INFO - 11/40 â”â”â”â”â”â”â”â”â”â”â”â”â”â”â”â”â”â”â”â” 0s 12ms/step - loss: 0.1596 - mae: 0.3319
[2025-08-22T12:23:13.237+0000] {logging_mixin.py:151} INFO - 17/40 â”â”â”â”â”â”â”â”â”â”â”â”â”â”â”â”â”â”â”â” 0s 11ms/step - loss: 0.1361 - mae: 0.3023
[2025-08-22T12:23:13.295+0000] {logging_mixin.py:151} INFO - 23/40 â”â”â”â”â”â”â”â”â”â”â”â”â”â”â”â”â”â”â”â” 0s 10ms/step - loss: 0.1236 - mae: 0.2865
[2025-08-22T12:23:13.348+0000] {logging_mixin.py:151} INFO - 28/40 â”â”â”â”â”â”â”â”â”â”â”â”â”â”â”â”â”â”â”â” 0s 11ms/step - loss: 0.1164 - mae: 0.2768
[2025-08-22T12:23:13.405+0000] {logging_mixin.py:151} INFO - 34/40 â”â”â”â”â”â”â”â”â”â”â”â”â”â”â”â”â”â”â”â” 0s 10ms/step - loss: 0.1100 - mae: 0.2684
[2025-08-22T12:23:13.462+0000] {logging_mixin.py:151} INFO - 40/40 â”â”â”â”â”â”â”â”â”â”â”â”â”â”â”â”â”â”â”â” 0s 10ms/step - loss: 0.1053 - mae: 0.2625
[2025-08-22T12:23:13.626+0000] {logging_mixin.py:151} INFO - 40/40 â”â”â”â”â”â”â”â”â”â”â”â”â”â”â”â”â”â”â”â” 2s 14ms/step - loss: 0.0780 - mae: 0.2277 - val_loss: 0.0683 - val_mae: 0.2301
[2025-08-22T12:23:13.626+0000] {logging_mixin.py:151} INFO - Epoch 2/30
[2025-08-22T12:23:13.642+0000] {logging_mixin.py:151} INFO -  1/40 â”â”â”â”â”â”â”â”â”â”â”â”â”â”â”â”â”â”â”â” 0s 16ms/step - loss: 0.0271 - mae: 0.1310
[2025-08-22T12:23:13.696+0000] {logging_mixin.py:151} INFO -  7/40 â”â”â”â”â”â”â”â”â”â”â”â”â”â”â”â”â”â”â”â” 0s 9ms/step - loss: 0.0586 - mae: 0.1902 
[2025-08-22T12:23:13.748+0000] {logging_mixin.py:151} INFO - 13/40 â”â”â”â”â”â”â”â”â”â”â”â”â”â”â”â”â”â”â”â” 0s 9ms/step - loss: 0.0633 - mae: 0.2015
[2025-08-22T12:23:13.803+0000] {logging_mixin.py:151} INFO - 19/40 â”â”â”â”â”â”â”â”â”â”â”â”â”â”â”â”â”â”â”â” 0s 9ms/step - loss: 0.0654 - mae: 0.2061
[2025-08-22T12:23:13.860+0000] {logging_mixin.py:151} INFO - 25/40 â”â”â”â”â”â”â”â”â”â”â”â”â”â”â”â”â”â”â”â” 0s 9ms/step - loss: 0.0663 - mae: 0.2082
[2025-08-22T12:23:13.914+0000] {logging_mixin.py:151} INFO - 31/40 â”â”â”â”â”â”â”â”â”â”â”â”â”â”â”â”â”â”â”â” 0s 9ms/step - loss: 0.0667 - mae: 0.2089
[2025-08-22T12:23:13.967+0000] {logging_mixin.py:151} INFO - 37/40 â”â”â”â”â”â”â”â”â”â”â”â”â”â”â”â”â”â”â”â” 0s 9ms/step - loss: 0.0671 - mae: 0.2093
[2025-08-22T12:23:14.032+0000] {logging_mixin.py:151} INFO - 40/40 â”â”â”â”â”â”â”â”â”â”â”â”â”â”â”â”â”â”â”â” 0s 10ms/step - loss: 0.0688 - mae: 0.2123 - val_loss: 0.0645 - val_mae: 0.2246
[2025-08-22T12:23:14.032+0000] {logging_mixin.py:151} INFO - Epoch 3/30
[2025-08-22T12:23:14.049+0000] {logging_mixin.py:151} INFO -  1/40 â”â”â”â”â”â”â”â”â”â”â”â”â”â”â”â”â”â”â”â” 0s 16ms/step - loss: 0.0685 - mae: 0.2259
[2025-08-22T12:23:14.102+0000] {logging_mixin.py:151} INFO -  7/40 â”â”â”â”â”â”â”â”â”â”â”â”â”â”â”â”â”â”â”â” 0s 9ms/step - loss: 0.0712 - mae: 0.2240 
[2025-08-22T12:23:14.162+0000] {logging_mixin.py:151} INFO - 12/40 â”â”â”â”â”â”â”â”â”â”â”â”â”â”â”â”â”â”â”â” 0s 10ms/step - loss: 0.0687 - mae: 0.2191
[2025-08-22T12:23:14.219+0000] {logging_mixin.py:151} INFO - 17/40 â”â”â”â”â”â”â”â”â”â”â”â”â”â”â”â”â”â”â”â” 0s 11ms/step - loss: 0.0663 - mae: 0.2138
[2025-08-22T12:23:14.271+0000] {logging_mixin.py:151} INFO - 22/40 â”â”â”â”â”â”â”â”â”â”â”â”â”â”â”â”â”â”â”â” 0s 11ms/step - loss: 0.0639 - mae: 0.2084
[2025-08-22T12:23:14.321+0000] {logging_mixin.py:151} INFO - 27/40 â”â”â”â”â”â”â”â”â”â”â”â”â”â”â”â”â”â”â”â” 0s 10ms/step - loss: 0.0628 - mae: 0.2057
[2025-08-22T12:23:14.376+0000] {logging_mixin.py:151} INFO - 32/40 â”â”â”â”â”â”â”â”â”â”â”â”â”â”â”â”â”â”â”â” 0s 11ms/step - loss: 0.0620 - mae: 0.2039
[2025-08-22T12:23:14.431+0000] {logging_mixin.py:151} INFO - 38/40 â”â”â”â”â”â”â”â”â”â”â”â”â”â”â”â”â”â”â”â” 0s 10ms/step - loss: 0.0616 - mae: 0.2027
[2025-08-22T12:23:14.492+0000] {logging_mixin.py:151} INFO - 40/40 â”â”â”â”â”â”â”â”â”â”â”â”â”â”â”â”â”â”â”â” 0s 11ms/step - loss: 0.0593 - mae: 0.1971 - val_loss: 0.0589 - val_mae: 0.2147
[2025-08-22T12:23:14.493+0000] {logging_mixin.py:151} INFO - Epoch 4/30
[2025-08-22T12:23:14.510+0000] {logging_mixin.py:151} INFO -  1/40 â”â”â”â”â”â”â”â”â”â”â”â”â”â”â”â”â”â”â”â” 0s 17ms/step - loss: 0.0518 - mae: 0.1934
[2025-08-22T12:23:14.564+0000] {logging_mixin.py:151} INFO -  7/40 â”â”â”â”â”â”â”â”â”â”â”â”â”â”â”â”â”â”â”â” 0s 9ms/step - loss: 0.0637 - mae: 0.2081 
[2025-08-22T12:23:14.619+0000] {logging_mixin.py:151} INFO - 13/40 â”â”â”â”â”â”â”â”â”â”â”â”â”â”â”â”â”â”â”â” 0s 9ms/step - loss: 0.0636 - mae: 0.2069
[2025-08-22T12:23:14.674+0000] {logging_mixin.py:151} INFO - 19/40 â”â”â”â”â”â”â”â”â”â”â”â”â”â”â”â”â”â”â”â” 0s 9ms/step - loss: 0.0638 - mae: 0.2072
[2025-08-22T12:23:14.724+0000] {logging_mixin.py:151} INFO - 24/40 â”â”â”â”â”â”â”â”â”â”â”â”â”â”â”â”â”â”â”â” 0s 9ms/step - loss: 0.0631 - mae: 0.2063
[2025-08-22T12:23:14.778+0000] {logging_mixin.py:151} INFO - 30/40 â”â”â”â”â”â”â”â”â”â”â”â”â”â”â”â”â”â”â”â” 0s 9ms/step - loss: 0.0623 - mae: 0.2050
[2025-08-22T12:23:14.831+0000] {logging_mixin.py:151} INFO - 36/40 â”â”â”â”â”â”â”â”â”â”â”â”â”â”â”â”â”â”â”â” 0s 9ms/step - loss: 0.0614 - mae: 0.2031
[2025-08-22T12:23:14.905+0000] {logging_mixin.py:151} INFO - 40/40 â”â”â”â”â”â”â”â”â”â”â”â”â”â”â”â”â”â”â”â” 0s 10ms/step - loss: 0.0585 - mae: 0.1975 - val_loss: 0.0531 - val_mae: 0.1961
[2025-08-22T12:23:14.905+0000] {logging_mixin.py:151} INFO - Epoch 5/30
[2025-08-22T12:23:14.924+0000] {logging_mixin.py:151} INFO -  1/40 â”â”â”â”â”â”â”â”â”â”â”â”â”â”â”â”â”â”â”â” 0s 18ms/step - loss: 0.0386 - mae: 0.1320
[2025-08-22T12:23:14.978+0000] {logging_mixin.py:151} INFO -  7/40 â”â”â”â”â”â”â”â”â”â”â”â”â”â”â”â”â”â”â”â” 0s 9ms/step - loss: 0.0562 - mae: 0.1829 
[2025-08-22T12:23:15.031+0000] {logging_mixin.py:151} INFO - 13/40 â”â”â”â”â”â”â”â”â”â”â”â”â”â”â”â”â”â”â”â” 0s 9ms/step - loss: 0.0566 - mae: 0.1877
[2025-08-22T12:23:15.085+0000] {logging_mixin.py:151} INFO - 19/40 â”â”â”â”â”â”â”â”â”â”â”â”â”â”â”â”â”â”â”â” 0s 9ms/step - loss: 0.0584 - mae: 0.1926
[2025-08-22T12:23:15.141+0000] {logging_mixin.py:151} INFO - 25/40 â”â”â”â”â”â”â”â”â”â”â”â”â”â”â”â”â”â”â”â” 0s 9ms/step - loss: 0.0596 - mae: 0.1954
[2025-08-22T12:23:15.196+0000] {logging_mixin.py:151} INFO - 31/40 â”â”â”â”â”â”â”â”â”â”â”â”â”â”â”â”â”â”â”â” 0s 9ms/step - loss: 0.0606 - mae: 0.1976
[2025-08-22T12:23:15.254+0000] {logging_mixin.py:151} INFO - 37/40 â”â”â”â”â”â”â”â”â”â”â”â”â”â”â”â”â”â”â”â” 0s 9ms/step - loss: 0.0609 - mae: 0.1984
[2025-08-22T12:23:15.320+0000] {logging_mixin.py:151} INFO - 40/40 â”â”â”â”â”â”â”â”â”â”â”â”â”â”â”â”â”â”â”â” 0s 10ms/step - loss: 0.0626 - mae: 0.2032 - val_loss: 0.0608 - val_mae: 0.2062
[2025-08-22T12:23:15.320+0000] {logging_mixin.py:151} INFO - Epoch 6/30
[2025-08-22T12:23:15.337+0000] {logging_mixin.py:151} INFO -  1/40 â”â”â”â”â”â”â”â”â”â”â”â”â”â”â”â”â”â”â”â” 0s 16ms/step - loss: 0.0515 - mae: 0.1846
[2025-08-22T12:23:15.393+0000] {logging_mixin.py:151} INFO -  7/40 â”â”â”â”â”â”â”â”â”â”â”â”â”â”â”â”â”â”â”â” 0s 9ms/step - loss: 0.0520 - mae: 0.1840 
[2025-08-22T12:23:15.446+0000] {logging_mixin.py:151} INFO - 13/40 â”â”â”â”â”â”â”â”â”â”â”â”â”â”â”â”â”â”â”â” 0s 9ms/step - loss: 0.0536 - mae: 0.1885
[2025-08-22T12:23:15.498+0000] {logging_mixin.py:151} INFO - 19/40 â”â”â”â”â”â”â”â”â”â”â”â”â”â”â”â”â”â”â”â” 0s 9ms/step - loss: 0.0534 - mae: 0.1885
[2025-08-22T12:23:15.554+0000] {logging_mixin.py:151} INFO - 25/40 â”â”â”â”â”â”â”â”â”â”â”â”â”â”â”â”â”â”â”â” 0s 9ms/step - loss: 0.0530 - mae: 0.1878
[2025-08-22T12:23:15.607+0000] {logging_mixin.py:151} INFO - 31/40 â”â”â”â”â”â”â”â”â”â”â”â”â”â”â”â”â”â”â”â” 0s 9ms/step - loss: 0.0528 - mae: 0.1879
[2025-08-22T12:23:15.661+0000] {logging_mixin.py:151} INFO - 37/40 â”â”â”â”â”â”â”â”â”â”â”â”â”â”â”â”â”â”â”â” 0s 9ms/step - loss: 0.0528 - mae: 0.1878
[2025-08-22T12:23:15.727+0000] {logging_mixin.py:151} INFO - 40/40 â”â”â”â”â”â”â”â”â”â”â”â”â”â”â”â”â”â”â”â” 0s 10ms/step - loss: 0.0530 - mae: 0.1878 - val_loss: 0.0628 - val_mae: 0.2289
[2025-08-22T12:23:15.727+0000] {logging_mixin.py:151} INFO - Epoch 7/30
[2025-08-22T12:23:15.743+0000] {logging_mixin.py:151} INFO -  1/40 â”â”â”â”â”â”â”â”â”â”â”â”â”â”â”â”â”â”â”â” 0s 16ms/step - loss: 0.0778 - mae: 0.2559
[2025-08-22T12:23:15.796+0000] {logging_mixin.py:151} INFO -  7/40 â”â”â”â”â”â”â”â”â”â”â”â”â”â”â”â”â”â”â”â” 0s 9ms/step - loss: 0.0569 - mae: 0.1988 
[2025-08-22T12:23:15.849+0000] {logging_mixin.py:151} INFO - 13/40 â”â”â”â”â”â”â”â”â”â”â”â”â”â”â”â”â”â”â”â” 0s 9ms/step - loss: 0.0547 - mae: 0.1938
[2025-08-22T12:23:15.903+0000] {logging_mixin.py:151} INFO - 19/40 â”â”â”â”â”â”â”â”â”â”â”â”â”â”â”â”â”â”â”â” 0s 9ms/step - loss: 0.0539 - mae: 0.1917
[2025-08-22T12:23:15.959+0000] {logging_mixin.py:151} INFO - 25/40 â”â”â”â”â”â”â”â”â”â”â”â”â”â”â”â”â”â”â”â” 0s 9ms/step - loss: 0.0530 - mae: 0.1898
[2025-08-22T12:23:16.012+0000] {logging_mixin.py:151} INFO - 31/40 â”â”â”â”â”â”â”â”â”â”â”â”â”â”â”â”â”â”â”â” 0s 9ms/step - loss: 0.0524 - mae: 0.1885
[2025-08-22T12:23:16.064+0000] {logging_mixin.py:151} INFO - 37/40 â”â”â”â”â”â”â”â”â”â”â”â”â”â”â”â”â”â”â”â” 0s 9ms/step - loss: 0.0517 - mae: 0.1870
[2025-08-22T12:23:16.128+0000] {logging_mixin.py:151} INFO - 40/40 â”â”â”â”â”â”â”â”â”â”â”â”â”â”â”â”â”â”â”â” 0s 10ms/step - loss: 0.0477 - mae: 0.1771 - val_loss: 0.0535 - val_mae: 0.1969
[2025-08-22T12:23:16.129+0000] {logging_mixin.py:151} INFO - Epoch 8/30
[2025-08-22T12:23:16.146+0000] {logging_mixin.py:151} INFO -  1/40 â”â”â”â”â”â”â”â”â”â”â”â”â”â”â”â”â”â”â”â” 0s 17ms/step - loss: 0.0184 - mae: 0.1140
[2025-08-22T12:23:16.203+0000] {logging_mixin.py:151} INFO -  7/40 â”â”â”â”â”â”â”â”â”â”â”â”â”â”â”â”â”â”â”â” 0s 10ms/step - loss: 0.0305 - mae: 0.1440
[2025-08-22T12:23:16.256+0000] {logging_mixin.py:151} INFO - 13/40 â”â”â”â”â”â”â”â”â”â”â”â”â”â”â”â”â”â”â”â” 0s 9ms/step - loss: 0.0327 - mae: 0.1480 
[2025-08-22T12:23:16.309+0000] {logging_mixin.py:151} INFO - 19/40 â”â”â”â”â”â”â”â”â”â”â”â”â”â”â”â”â”â”â”â” 0s 9ms/step - loss: 0.0351 - mae: 0.1532
[2025-08-22T12:23:16.366+0000] {logging_mixin.py:151} INFO - 25/40 â”â”â”â”â”â”â”â”â”â”â”â”â”â”â”â”â”â”â”â” 0s 9ms/step - loss: 0.0367 - mae: 0.1563
[2025-08-22T12:23:16.419+0000] {logging_mixin.py:151} INFO - 31/40 â”â”â”â”â”â”â”â”â”â”â”â”â”â”â”â”â”â”â”â” 0s 9ms/step - loss: 0.0377 - mae: 0.1582
[2025-08-22T12:23:16.472+0000] {logging_mixin.py:151} INFO - 37/40 â”â”â”â”â”â”â”â”â”â”â”â”â”â”â”â”â”â”â”â” 0s 9ms/step - loss: 0.0386 - mae: 0.1596
[2025-08-22T12:23:16.536+0000] {logging_mixin.py:151} INFO - 40/40 â”â”â”â”â”â”â”â”â”â”â”â”â”â”â”â”â”â”â”â” 0s 10ms/step - loss: 0.0432 - mae: 0.1669 - val_loss: 0.0601 - val_mae: 0.2078
[2025-08-22T12:23:16.537+0000] {logging_mixin.py:151} INFO - Epoch 9/30
[2025-08-22T12:23:16.553+0000] {logging_mixin.py:151} INFO -  1/40 â”â”â”â”â”â”â”â”â”â”â”â”â”â”â”â”â”â”â”â” 0s 16ms/step - loss: 0.0303 - mae: 0.1486
[2025-08-22T12:23:16.607+0000] {logging_mixin.py:151} INFO -  7/40 â”â”â”â”â”â”â”â”â”â”â”â”â”â”â”â”â”â”â”â” 0s 9ms/step - loss: 0.0368 - mae: 0.1578 
[2025-08-22T12:23:16.660+0000] {logging_mixin.py:151} INFO - 13/40 â”â”â”â”â”â”â”â”â”â”â”â”â”â”â”â”â”â”â”â” 0s 9ms/step - loss: 0.0402 - mae: 0.1647
[2025-08-22T12:23:16.717+0000] {logging_mixin.py:151} INFO - 19/40 â”â”â”â”â”â”â”â”â”â”â”â”â”â”â”â”â”â”â”â” 0s 9ms/step - loss: 0.0417 - mae: 0.1676
[2025-08-22T12:23:16.773+0000] {logging_mixin.py:151} INFO - 25/40 â”â”â”â”â”â”â”â”â”â”â”â”â”â”â”â”â”â”â”â” 0s 9ms/step - loss: 0.0424 - mae: 0.1683
[2025-08-22T12:23:16.825+0000] {logging_mixin.py:151} INFO - 31/40 â”â”â”â”â”â”â”â”â”â”â”â”â”â”â”â”â”â”â”â” 0s 9ms/step - loss: 0.0426 - mae: 0.1678
[2025-08-22T12:23:16.877+0000] {logging_mixin.py:151} INFO - 36/40 â”â”â”â”â”â”â”â”â”â”â”â”â”â”â”â”â”â”â”â” 0s 9ms/step - loss: 0.0426 - mae: 0.1672
[2025-08-22T12:23:16.950+0000] {logging_mixin.py:151} INFO - 40/40 â”â”â”â”â”â”â”â”â”â”â”â”â”â”â”â”â”â”â”â” 0s 10ms/step - loss: 0.0428 - mae: 0.1645 - val_loss: 0.0520 - val_mae: 0.1881
[2025-08-22T12:23:16.951+0000] {logging_mixin.py:151} INFO - Epoch 10/30
[2025-08-22T12:23:16.967+0000] {logging_mixin.py:151} INFO -  1/40 â”â”â”â”â”â”â”â”â”â”â”â”â”â”â”â”â”â”â”â” 0s 16ms/step - loss: 0.0358 - mae: 0.1510
[2025-08-22T12:23:17.021+0000] {logging_mixin.py:151} INFO -  7/40 â”â”â”â”â”â”â”â”â”â”â”â”â”â”â”â”â”â”â”â” 0s 9ms/step - loss: 0.0366 - mae: 0.1530 
[2025-08-22T12:23:17.074+0000] {logging_mixin.py:151} INFO - 13/40 â”â”â”â”â”â”â”â”â”â”â”â”â”â”â”â”â”â”â”â” 0s 9ms/step - loss: 0.0377 - mae: 0.1538
[2025-08-22T12:23:17.129+0000] {logging_mixin.py:151} INFO - 19/40 â”â”â”â”â”â”â”â”â”â”â”â”â”â”â”â”â”â”â”â” 0s 9ms/step - loss: 0.0376 - mae: 0.1533
[2025-08-22T12:23:17.185+0000] {logging_mixin.py:151} INFO - 25/40 â”â”â”â”â”â”â”â”â”â”â”â”â”â”â”â”â”â”â”â” 0s 9ms/step - loss: 0.0374 - mae: 0.1528
[2025-08-22T12:23:17.243+0000] {logging_mixin.py:151} INFO - 31/40 â”â”â”â”â”â”â”â”â”â”â”â”â”â”â”â”â”â”â”â” 0s 9ms/step - loss: 0.0374 - mae: 0.1525
[2025-08-22T12:23:17.296+0000] {logging_mixin.py:151} INFO - 37/40 â”â”â”â”â”â”â”â”â”â”â”â”â”â”â”â”â”â”â”â” 0s 9ms/step - loss: 0.0375 - mae: 0.1525
[2025-08-22T12:23:17.361+0000] {logging_mixin.py:151} INFO - 40/40 â”â”â”â”â”â”â”â”â”â”â”â”â”â”â”â”â”â”â”â” 0s 10ms/step - loss: 0.0388 - mae: 0.1533 - val_loss: 0.0471 - val_mae: 0.1840
[2025-08-22T12:23:17.362+0000] {logging_mixin.py:151} INFO - Epoch 11/30
[2025-08-22T12:23:17.378+0000] {logging_mixin.py:151} INFO -  1/40 â”â”â”â”â”â”â”â”â”â”â”â”â”â”â”â”â”â”â”â” 0s 16ms/step - loss: 0.0227 - mae: 0.1361
[2025-08-22T12:23:17.431+0000] {logging_mixin.py:151} INFO -  7/40 â”â”â”â”â”â”â”â”â”â”â”â”â”â”â”â”â”â”â”â” 0s 9ms/step - loss: 0.0319 - mae: 0.1445 
[2025-08-22T12:23:17.485+0000] {logging_mixin.py:151} INFO - 13/40 â”â”â”â”â”â”â”â”â”â”â”â”â”â”â”â”â”â”â”â” 0s 9ms/step - loss: 0.0325 - mae: 0.1437
[2025-08-22T12:23:17.538+0000] {logging_mixin.py:151} INFO - 19/40 â”â”â”â”â”â”â”â”â”â”â”â”â”â”â”â”â”â”â”â” 0s 9ms/step - loss: 0.0336 - mae: 0.1447
[2025-08-22T12:23:17.592+0000] {logging_mixin.py:151} INFO - 25/40 â”â”â”â”â”â”â”â”â”â”â”â”â”â”â”â”â”â”â”â” 0s 9ms/step - loss: 0.0340 - mae: 0.1450
[2025-08-22T12:23:17.645+0000] {logging_mixin.py:151} INFO - 31/40 â”â”â”â”â”â”â”â”â”â”â”â”â”â”â”â”â”â”â”â” 0s 9ms/step - loss: 0.0342 - mae: 0.1449
[2025-08-22T12:23:17.700+0000] {logging_mixin.py:151} INFO - 37/40 â”â”â”â”â”â”â”â”â”â”â”â”â”â”â”â”â”â”â”â” 0s 9ms/step - loss: 0.0341 - mae: 0.1448
[2025-08-22T12:23:17.752+0000] {logging_mixin.py:151} INFO - 40/40 â”â”â”â”â”â”â”â”â”â”â”â”â”â”â”â”â”â”â”â” 0s 10ms/step - loss: 0.0342 - mae: 0.1447
[2025-08-22T12:23:17.799+0000] {logging_mixin.py:151} INFO - 40/40 â”â”â”â”â”â”â”â”â”â”â”â”â”â”â”â”â”â”â”â” 0s 11ms/step - loss: 0.0347 - mae: 0.1442 - val_loss: 0.0498 - val_mae: 0.1771
[2025-08-22T12:23:17.799+0000] {logging_mixin.py:151} INFO - Epoch 12/30
[2025-08-22T12:23:17.816+0000] {logging_mixin.py:151} INFO -  1/40 â”â”â”â”â”â”â”â”â”â”â”â”â”â”â”â”â”â”â”â” 0s 16ms/step - loss: 0.0215 - mae: 0.1291
[2025-08-22T12:23:17.869+0000] {logging_mixin.py:151} INFO -  7/40 â”â”â”â”â”â”â”â”â”â”â”â”â”â”â”â”â”â”â”â” 0s 9ms/step - loss: 0.0242 - mae: 0.1258 
[2025-08-22T12:23:17.922+0000] {logging_mixin.py:151} INFO - 13/40 â”â”â”â”â”â”â”â”â”â”â”â”â”â”â”â”â”â”â”â” 0s 9ms/step - loss: 0.0262 - mae: 0.1268
[2025-08-22T12:23:17.982+0000] {logging_mixin.py:151} INFO - 17/40 â”â”â”â”â”â”â”â”â”â”â”â”â”â”â”â”â”â”â”â” 0s 10ms/step - loss: 0.0277 - mae: 0.1298
[2025-08-22T12:23:18.032+0000] {logging_mixin.py:151} INFO - 21/40 â”â”â”â”â”â”â”â”â”â”â”â”â”â”â”â”â”â”â”â” 0s 11ms/step - loss: 0.0285 - mae: 0.1314
[2025-08-22T12:23:18.089+0000] {logging_mixin.py:151} INFO - 27/40 â”â”â”â”â”â”â”â”â”â”â”â”â”â”â”â”â”â”â”â” 0s 11ms/step - loss: 0.0296 - mae: 0.1336
[2025-08-22T12:23:18.148+0000] {logging_mixin.py:151} INFO - 33/40 â”â”â”â”â”â”â”â”â”â”â”â”â”â”â”â”â”â”â”â” 0s 10ms/step - loss: 0.0306 - mae: 0.1356
[2025-08-22T12:23:18.203+0000] {logging_mixin.py:151} INFO - 39/40 â”â”â”â”â”â”â”â”â”â”â”â”â”â”â”â”â”â”â”â” 0s 10ms/step - loss: 0.0313 - mae: 0.1372
[2025-08-22T12:23:18.259+0000] {logging_mixin.py:151} INFO - 40/40 â”â”â”â”â”â”â”â”â”â”â”â”â”â”â”â”â”â”â”â” 0s 11ms/step - loss: 0.0355 - mae: 0.1456 - val_loss: 0.0435 - val_mae: 0.1669
[2025-08-22T12:23:18.260+0000] {logging_mixin.py:151} INFO - Epoch 13/30
[2025-08-22T12:23:18.276+0000] {logging_mixin.py:151} INFO -  1/40 â”â”â”â”â”â”â”â”â”â”â”â”â”â”â”â”â”â”â”â” 0s 16ms/step - loss: 0.0281 - mae: 0.1413
[2025-08-22T12:23:18.331+0000] {logging_mixin.py:151} INFO -  7/40 â”â”â”â”â”â”â”â”â”â”â”â”â”â”â”â”â”â”â”â” 0s 9ms/step - loss: 0.0260 - mae: 0.1346 
[2025-08-22T12:23:18.384+0000] {logging_mixin.py:151} INFO - 13/40 â”â”â”â”â”â”â”â”â”â”â”â”â”â”â”â”â”â”â”â” 0s 9ms/step - loss: 0.0283 - mae: 0.1382
[2025-08-22T12:23:18.437+0000] {logging_mixin.py:151} INFO - 19/40 â”â”â”â”â”â”â”â”â”â”â”â”â”â”â”â”â”â”â”â” 0s 9ms/step - loss: 0.0302 - mae: 0.1412
[2025-08-22T12:23:18.492+0000] {logging_mixin.py:151} INFO - 25/40 â”â”â”â”â”â”â”â”â”â”â”â”â”â”â”â”â”â”â”â” 0s 9ms/step - loss: 0.0313 - mae: 0.1427
[2025-08-22T12:23:18.545+0000] {logging_mixin.py:151} INFO - 31/40 â”â”â”â”â”â”â”â”â”â”â”â”â”â”â”â”â”â”â”â” 0s 9ms/step - loss: 0.0317 - mae: 0.1430
[2025-08-22T12:23:18.597+0000] {logging_mixin.py:151} INFO - 37/40 â”â”â”â”â”â”â”â”â”â”â”â”â”â”â”â”â”â”â”â” 0s 9ms/step - loss: 0.0320 - mae: 0.1435
[2025-08-22T12:23:18.661+0000] {logging_mixin.py:151} INFO - 40/40 â”â”â”â”â”â”â”â”â”â”â”â”â”â”â”â”â”â”â”â” 0s 10ms/step - loss: 0.0328 - mae: 0.1423 - val_loss: 0.0440 - val_mae: 0.1671
[2025-08-22T12:23:18.662+0000] {logging_mixin.py:151} INFO - Epoch 14/30
[2025-08-22T12:23:18.678+0000] {logging_mixin.py:151} INFO -  1/40 â”â”â”â”â”â”â”â”â”â”â”â”â”â”â”â”â”â”â”â” 0s 16ms/step - loss: 0.0243 - mae: 0.1213
[2025-08-22T12:23:18.735+0000] {logging_mixin.py:151} INFO -  7/40 â”â”â”â”â”â”â”â”â”â”â”â”â”â”â”â”â”â”â”â” 0s 10ms/step - loss: 0.0370 - mae: 0.1432
[2025-08-22T12:23:18.789+0000] {logging_mixin.py:151} INFO - 13/40 â”â”â”â”â”â”â”â”â”â”â”â”â”â”â”â”â”â”â”â” 0s 9ms/step - loss: 0.0360 - mae: 0.1400 
[2025-08-22T12:23:18.843+0000] {logging_mixin.py:151} INFO - 19/40 â”â”â”â”â”â”â”â”â”â”â”â”â”â”â”â”â”â”â”â” 0s 9ms/step - loss: 0.0354 - mae: 0.1390
[2025-08-22T12:23:18.900+0000] {logging_mixin.py:151} INFO - 25/40 â”â”â”â”â”â”â”â”â”â”â”â”â”â”â”â”â”â”â”â” 0s 9ms/step - loss: 0.0346 - mae: 0.1378
[2025-08-22T12:23:18.954+0000] {logging_mixin.py:151} INFO - 31/40 â”â”â”â”â”â”â”â”â”â”â”â”â”â”â”â”â”â”â”â” 0s 9ms/step - loss: 0.0338 - mae: 0.1366
[2025-08-22T12:23:19.007+0000] {logging_mixin.py:151} INFO - 37/40 â”â”â”â”â”â”â”â”â”â”â”â”â”â”â”â”â”â”â”â” 0s 9ms/step - loss: 0.0334 - mae: 0.1362
[2025-08-22T12:23:19.073+0000] {logging_mixin.py:151} INFO - 40/40 â”â”â”â”â”â”â”â”â”â”â”â”â”â”â”â”â”â”â”â” 0s 10ms/step - loss: 0.0303 - mae: 0.1328 - val_loss: 0.0491 - val_mae: 0.1642
[2025-08-22T12:23:19.074+0000] {logging_mixin.py:151} INFO - Epoch 15/30
[2025-08-22T12:23:19.090+0000] {logging_mixin.py:151} INFO -  1/40 â”â”â”â”â”â”â”â”â”â”â”â”â”â”â”â”â”â”â”â” 0s 15ms/step - loss: 0.0395 - mae: 0.1679
[2025-08-22T12:23:19.144+0000] {logging_mixin.py:151} INFO -  7/40 â”â”â”â”â”â”â”â”â”â”â”â”â”â”â”â”â”â”â”â” 0s 9ms/step - loss: 0.0306 - mae: 0.1373 
[2025-08-22T12:23:19.198+0000] {logging_mixin.py:151} INFO - 13/40 â”â”â”â”â”â”â”â”â”â”â”â”â”â”â”â”â”â”â”â” 0s 9ms/step - loss: 0.0300 - mae: 0.1346
[2025-08-22T12:23:19.251+0000] {logging_mixin.py:151} INFO - 19/40 â”â”â”â”â”â”â”â”â”â”â”â”â”â”â”â”â”â”â”â” 0s 9ms/step - loss: 0.0305 - mae: 0.1356
[2025-08-22T12:23:19.305+0000] {logging_mixin.py:151} INFO - 25/40 â”â”â”â”â”â”â”â”â”â”â”â”â”â”â”â”â”â”â”â” 0s 9ms/step - loss: 0.0307 - mae: 0.1360
[2025-08-22T12:23:19.359+0000] {logging_mixin.py:151} INFO - 31/40 â”â”â”â”â”â”â”â”â”â”â”â”â”â”â”â”â”â”â”â” 0s 9ms/step - loss: 0.0309 - mae: 0.1364
[2025-08-22T12:23:19.412+0000] {logging_mixin.py:151} INFO - 37/40 â”â”â”â”â”â”â”â”â”â”â”â”â”â”â”â”â”â”â”â” 0s 9ms/step - loss: 0.0310 - mae: 0.1365
[2025-08-22T12:23:19.475+0000] {logging_mixin.py:151} INFO - 40/40 â”â”â”â”â”â”â”â”â”â”â”â”â”â”â”â”â”â”â”â” 0s 10ms/step - loss: 0.0305 - mae: 0.1346 - val_loss: 0.0530 - val_mae: 0.1744
[2025-08-22T12:23:19.476+0000] {logging_mixin.py:151} INFO - Epoch 16/30
[2025-08-22T12:23:19.492+0000] {logging_mixin.py:151} INFO -  1/40 â”â”â”â”â”â”â”â”â”â”â”â”â”â”â”â”â”â”â”â” 0s 16ms/step - loss: 0.0175 - mae: 0.1176
[2025-08-22T12:23:19.550+0000] {logging_mixin.py:151} INFO -  7/40 â”â”â”â”â”â”â”â”â”â”â”â”â”â”â”â”â”â”â”â” 0s 10ms/step - loss: 0.0195 - mae: 0.1117
[2025-08-22T12:23:19.603+0000] {logging_mixin.py:151} INFO - 13/40 â”â”â”â”â”â”â”â”â”â”â”â”â”â”â”â”â”â”â”â” 0s 9ms/step - loss: 0.0217 - mae: 0.1172 
[2025-08-22T12:23:19.657+0000] {logging_mixin.py:151} INFO - 19/40 â”â”â”â”â”â”â”â”â”â”â”â”â”â”â”â”â”â”â”â” 0s 9ms/step - loss: 0.0231 - mae: 0.1206
[2025-08-22T12:23:19.712+0000] {logging_mixin.py:151} INFO - 25/40 â”â”â”â”â”â”â”â”â”â”â”â”â”â”â”â”â”â”â”â” 0s 9ms/step - loss: 0.0242 - mae: 0.1231
[2025-08-22T12:23:19.767+0000] {logging_mixin.py:151} INFO - 31/40 â”â”â”â”â”â”â”â”â”â”â”â”â”â”â”â”â”â”â”â” 0s 9ms/step - loss: 0.0252 - mae: 0.1251
[2025-08-22T12:23:19.820+0000] {logging_mixin.py:151} INFO - 37/40 â”â”â”â”â”â”â”â”â”â”â”â”â”â”â”â”â”â”â”â” 0s 9ms/step - loss: 0.0257 - mae: 0.1261
[2025-08-22T12:23:19.883+0000] {logging_mixin.py:151} INFO - 40/40 â”â”â”â”â”â”â”â”â”â”â”â”â”â”â”â”â”â”â”â” 0s 10ms/step - loss: 0.0287 - mae: 0.1307 - val_loss: 0.0484 - val_mae: 0.1744
[2025-08-22T12:23:19.883+0000] {logging_mixin.py:151} INFO - Epoch 17/30
[2025-08-22T12:23:19.900+0000] {logging_mixin.py:151} INFO -  1/40 â”â”â”â”â”â”â”â”â”â”â”â”â”â”â”â”â”â”â”â” 0s 16ms/step - loss: 0.0364 - mae: 0.1574
[2025-08-22T12:23:19.953+0000] {logging_mixin.py:151} INFO -  7/40 â”â”â”â”â”â”â”â”â”â”â”â”â”â”â”â”â”â”â”â” 0s 9ms/step - loss: 0.0275 - mae: 0.1289 
[2025-08-22T12:23:20.006+0000] {logging_mixin.py:151} INFO - 13/40 â”â”â”â”â”â”â”â”â”â”â”â”â”â”â”â”â”â”â”â” 0s 9ms/step - loss: 0.0287 - mae: 0.1309
[2025-08-22T12:23:20.064+0000] {logging_mixin.py:151} INFO - 19/40 â”â”â”â”â”â”â”â”â”â”â”â”â”â”â”â”â”â”â”â” 0s 9ms/step - loss: 0.0297 - mae: 0.1335
[2025-08-22T12:23:20.120+0000] {logging_mixin.py:151} INFO - 25/40 â”â”â”â”â”â”â”â”â”â”â”â”â”â”â”â”â”â”â”â” 0s 9ms/step - loss: 0.0300 - mae: 0.1340
[2025-08-22T12:23:20.175+0000] {logging_mixin.py:151} INFO - 31/40 â”â”â”â”â”â”â”â”â”â”â”â”â”â”â”â”â”â”â”â” 0s 9ms/step - loss: 0.0299 - mae: 0.1336
[2025-08-22T12:23:20.228+0000] {logging_mixin.py:151} INFO - 37/40 â”â”â”â”â”â”â”â”â”â”â”â”â”â”â”â”â”â”â”â” 0s 9ms/step - loss: 0.0296 - mae: 0.1329
[2025-08-22T12:23:20.292+0000] {logging_mixin.py:151} INFO - 40/40 â”â”â”â”â”â”â”â”â”â”â”â”â”â”â”â”â”â”â”â” 0s 10ms/step - loss: 0.0281 - mae: 0.1297 - val_loss: 0.0461 - val_mae: 0.1672
[2025-08-22T12:23:20.292+0000] {logging_mixin.py:151} INFO - Epoch 18/30
[2025-08-22T12:23:20.308+0000] {logging_mixin.py:151} INFO -  1/40 â”â”â”â”â”â”â”â”â”â”â”â”â”â”â”â”â”â”â”â” 0s 16ms/step - loss: 0.0250 - mae: 0.1199
[2025-08-22T12:23:20.362+0000] {logging_mixin.py:151} INFO -  7/40 â”â”â”â”â”â”â”â”â”â”â”â”â”â”â”â”â”â”â”â” 0s 9ms/step - loss: 0.0198 - mae: 0.1064 
[2025-08-22T12:23:20.415+0000] {logging_mixin.py:151} INFO - 13/40 â”â”â”â”â”â”â”â”â”â”â”â”â”â”â”â”â”â”â”â” 0s 9ms/step - loss: 0.0204 - mae: 0.1085
[2025-08-22T12:23:20.468+0000] {logging_mixin.py:151} INFO - 19/40 â”â”â”â”â”â”â”â”â”â”â”â”â”â”â”â”â”â”â”â” 0s 9ms/step - loss: 0.0211 - mae: 0.1105
[2025-08-22T12:23:20.523+0000] {logging_mixin.py:151} INFO - 25/40 â”â”â”â”â”â”â”â”â”â”â”â”â”â”â”â”â”â”â”â” 0s 9ms/step - loss: 0.0213 - mae: 0.1111
[2025-08-22T12:23:20.577+0000] {logging_mixin.py:151} INFO - 31/40 â”â”â”â”â”â”â”â”â”â”â”â”â”â”â”â”â”â”â”â” 0s 9ms/step - loss: 0.0217 - mae: 0.1121
[2025-08-22T12:23:20.630+0000] {logging_mixin.py:151} INFO - 37/40 â”â”â”â”â”â”â”â”â”â”â”â”â”â”â”â”â”â”â”â” 0s 9ms/step - loss: 0.0220 - mae: 0.1128
[2025-08-22T12:23:20.706+0000] {logging_mixin.py:151} INFO - 40/40 â”â”â”â”â”â”â”â”â”â”â”â”â”â”â”â”â”â”â”â” 0s 10ms/step - loss: 0.0226 - mae: 0.1139 - val_loss: 0.0587 - val_mae: 0.1838
[2025-08-22T12:23:20.707+0000] {logging_mixin.py:151} INFO - Epoch 19/30
[2025-08-22T12:23:20.723+0000] {logging_mixin.py:151} INFO -  1/40 â”â”â”â”â”â”â”â”â”â”â”â”â”â”â”â”â”â”â”â” 0s 16ms/step - loss: 0.0272 - mae: 0.1332
[2025-08-22T12:23:20.777+0000] {logging_mixin.py:151} INFO -  7/40 â”â”â”â”â”â”â”â”â”â”â”â”â”â”â”â”â”â”â”â” 0s 9ms/step - loss: 0.0264 - mae: 0.1269 
[2025-08-22T12:23:20.830+0000] {logging_mixin.py:151} INFO - 13/40 â”â”â”â”â”â”â”â”â”â”â”â”â”â”â”â”â”â”â”â” 0s 9ms/step - loss: 0.0260 - mae: 0.1241
[2025-08-22T12:23:20.883+0000] {logging_mixin.py:151} INFO - 19/40 â”â”â”â”â”â”â”â”â”â”â”â”â”â”â”â”â”â”â”â” 0s 9ms/step - loss: 0.0258 - mae: 0.1234
[2025-08-22T12:23:20.938+0000] {logging_mixin.py:151} INFO - 25/40 â”â”â”â”â”â”â”â”â”â”â”â”â”â”â”â”â”â”â”â” 0s 9ms/step - loss: 0.0254 - mae: 0.1226
[2025-08-22T12:23:20.992+0000] {logging_mixin.py:151} INFO - 31/40 â”â”â”â”â”â”â”â”â”â”â”â”â”â”â”â”â”â”â”â” 0s 9ms/step - loss: 0.0251 - mae: 0.1221
[2025-08-22T12:23:21.045+0000] {logging_mixin.py:151} INFO - 37/40 â”â”â”â”â”â”â”â”â”â”â”â”â”â”â”â”â”â”â”â” 0s 9ms/step - loss: 0.0247 - mae: 0.1213
[2025-08-22T12:23:21.108+0000] {logging_mixin.py:151} INFO - 40/40 â”â”â”â”â”â”â”â”â”â”â”â”â”â”â”â”â”â”â”â” 0s 10ms/step - loss: 0.0221 - mae: 0.1162 - val_loss: 0.0689 - val_mae: 0.2053
[2025-08-22T12:23:21.109+0000] {logging_mixin.py:151} INFO - Epoch 20/30
[2025-08-22T12:23:21.125+0000] {logging_mixin.py:151} INFO -  1/40 â”â”â”â”â”â”â”â”â”â”â”â”â”â”â”â”â”â”â”â” 0s 16ms/step - loss: 0.0517 - mae: 0.1651
[2025-08-22T12:23:21.178+0000] {logging_mixin.py:151} INFO -  7/40 â”â”â”â”â”â”â”â”â”â”â”â”â”â”â”â”â”â”â”â” 0s 9ms/step - loss: 0.0396 - mae: 0.1485 
[2025-08-22T12:23:21.237+0000] {logging_mixin.py:151} INFO - 13/40 â”â”â”â”â”â”â”â”â”â”â”â”â”â”â”â”â”â”â”â” 0s 9ms/step - loss: 0.0366 - mae: 0.1451
[2025-08-22T12:23:21.293+0000] {logging_mixin.py:151} INFO - 18/40 â”â”â”â”â”â”â”â”â”â”â”â”â”â”â”â”â”â”â”â” 0s 10ms/step - loss: 0.0357 - mae: 0.1451
[2025-08-22T12:23:21.343+0000] {logging_mixin.py:151} INFO - 23/40 â”â”â”â”â”â”â”â”â”â”â”â”â”â”â”â”â”â”â”â” 0s 10ms/step - loss: 0.0349 - mae: 0.1440
[2025-08-22T12:23:21.396+0000] {logging_mixin.py:151} INFO - 28/40 â”â”â”â”â”â”â”â”â”â”â”â”â”â”â”â”â”â”â”â” 0s 10ms/step - loss: 0.0340 - mae: 0.1426
[2025-08-22T12:23:21.448+0000] {logging_mixin.py:151} INFO - 33/40 â”â”â”â”â”â”â”â”â”â”â”â”â”â”â”â”â”â”â”â” 0s 10ms/step - loss: 0.0333 - mae: 0.1413
[2025-08-22T12:23:21.503+0000] {logging_mixin.py:151} INFO - 39/40 â”â”â”â”â”â”â”â”â”â”â”â”â”â”â”â”â”â”â”â” 0s 10ms/step - loss: 0.0327 - mae: 0.1399
[2025-08-22T12:23:21.551+0000] {logging_mixin.py:151} INFO - 40/40 â”â”â”â”â”â”â”â”â”â”â”â”â”â”â”â”â”â”â”â” 0s 11ms/step - loss: 0.0295 - mae: 0.1341 - val_loss: 0.0577 - val_mae: 0.1747
[2025-08-22T12:23:21.551+0000] {logging_mixin.py:151} INFO - Epoch 21/30
[2025-08-22T12:23:21.567+0000] {logging_mixin.py:151} INFO -  1/40 â”â”â”â”â”â”â”â”â”â”â”â”â”â”â”â”â”â”â”â” 0s 16ms/step - loss: 0.0454 - mae: 0.1565
[2025-08-22T12:23:21.621+0000] {logging_mixin.py:151} INFO -  7/40 â”â”â”â”â”â”â”â”â”â”â”â”â”â”â”â”â”â”â”â” 0s 9ms/step - loss: 0.0288 - mae: 0.1260 
[2025-08-22T12:23:21.675+0000] {logging_mixin.py:151} INFO - 13/40 â”â”â”â”â”â”â”â”â”â”â”â”â”â”â”â”â”â”â”â” 0s 9ms/step - loss: 0.0262 - mae: 0.1214
[2025-08-22T12:23:21.729+0000] {logging_mixin.py:151} INFO - 19/40 â”â”â”â”â”â”â”â”â”â”â”â”â”â”â”â”â”â”â”â” 0s 9ms/step - loss: 0.0254 - mae: 0.1205
[2025-08-22T12:23:21.785+0000] {logging_mixin.py:151} INFO - 25/40 â”â”â”â”â”â”â”â”â”â”â”â”â”â”â”â”â”â”â”â” 0s 9ms/step - loss: 0.0251 - mae: 0.1203
[2025-08-22T12:23:21.838+0000] {logging_mixin.py:151} INFO - 31/40 â”â”â”â”â”â”â”â”â”â”â”â”â”â”â”â”â”â”â”â” 0s 9ms/step - loss: 0.0247 - mae: 0.1196
[2025-08-22T12:23:21.892+0000] {logging_mixin.py:151} INFO - 36/40 â”â”â”â”â”â”â”â”â”â”â”â”â”â”â”â”â”â”â”â” 0s 9ms/step - loss: 0.0244 - mae: 0.1190
[2025-08-22T12:23:21.967+0000] {logging_mixin.py:151} INFO - 40/40 â”â”â”â”â”â”â”â”â”â”â”â”â”â”â”â”â”â”â”â” 0s 10ms/step - loss: 0.0232 - mae: 0.1175 - val_loss: 0.0630 - val_mae: 0.1939
[2025-08-22T12:23:21.967+0000] {logging_mixin.py:151} INFO - Epoch 22/30
[2025-08-22T12:23:21.983+0000] {logging_mixin.py:151} INFO -  1/40 â”â”â”â”â”â”â”â”â”â”â”â”â”â”â”â”â”â”â”â” 0s 16ms/step - loss: 0.0152 - mae: 0.1074
[2025-08-22T12:23:22.037+0000] {logging_mixin.py:151} INFO -  7/40 â”â”â”â”â”â”â”â”â”â”â”â”â”â”â”â”â”â”â”â” 0s 9ms/step - loss: 0.0175 - mae: 0.1031 
[2025-08-22T12:23:22.091+0000] {logging_mixin.py:151} INFO - 13/40 â”â”â”â”â”â”â”â”â”â”â”â”â”â”â”â”â”â”â”â” 0s 9ms/step - loss: 0.0206 - mae: 0.1088
[2025-08-22T12:23:22.145+0000] {logging_mixin.py:151} INFO - 19/40 â”â”â”â”â”â”â”â”â”â”â”â”â”â”â”â”â”â”â”â” 0s 9ms/step - loss: 0.0214 - mae: 0.1109
[2025-08-22T12:23:22.200+0000] {logging_mixin.py:151} INFO - 25/40 â”â”â”â”â”â”â”â”â”â”â”â”â”â”â”â”â”â”â”â” 0s 9ms/step - loss: 0.0221 - mae: 0.1125
[2025-08-22T12:23:22.256+0000] {logging_mixin.py:151} INFO - 31/40 â”â”â”â”â”â”â”â”â”â”â”â”â”â”â”â”â”â”â”â” 0s 9ms/step - loss: 0.0224 - mae: 0.1134
[2025-08-22T12:23:22.309+0000] {logging_mixin.py:151} INFO - 37/40 â”â”â”â”â”â”â”â”â”â”â”â”â”â”â”â”â”â”â”â” 0s 9ms/step - loss: 0.0226 - mae: 0.1142
[2025-08-22T12:23:22.374+0000] {logging_mixin.py:151} INFO - 40/40 â”â”â”â”â”â”â”â”â”â”â”â”â”â”â”â”â”â”â”â” 0s 10ms/step - loss: 0.0238 - mae: 0.1192 - val_loss: 0.0593 - val_mae: 0.1950
[2025-08-22T12:23:22.374+0000] {logging_mixin.py:151} INFO - Epoch 23/30
[2025-08-22T12:23:22.391+0000] {logging_mixin.py:151} INFO -  1/40 â”â”â”â”â”â”â”â”â”â”â”â”â”â”â”â”â”â”â”â” 0s 16ms/step - loss: 0.0190 - mae: 0.1129
[2025-08-22T12:23:22.444+0000] {logging_mixin.py:151} INFO -  7/40 â”â”â”â”â”â”â”â”â”â”â”â”â”â”â”â”â”â”â”â” 0s 9ms/step - loss: 0.0186 - mae: 0.1103 
[2025-08-22T12:23:22.497+0000] {logging_mixin.py:151} INFO - 13/40 â”â”â”â”â”â”â”â”â”â”â”â”â”â”â”â”â”â”â”â” 0s 9ms/step - loss: 0.0185 - mae: 0.1084
[2025-08-22T12:23:22.550+0000] {logging_mixin.py:151} INFO - 19/40 â”â”â”â”â”â”â”â”â”â”â”â”â”â”â”â”â”â”â”â” 0s 9ms/step - loss: 0.0184 - mae: 0.1073
[2025-08-22T12:23:22.605+0000] {logging_mixin.py:151} INFO - 25/40 â”â”â”â”â”â”â”â”â”â”â”â”â”â”â”â”â”â”â”â” 0s 9ms/step - loss: 0.0183 - mae: 0.1067
[2025-08-22T12:23:22.658+0000] {logging_mixin.py:151} INFO - 31/40 â”â”â”â”â”â”â”â”â”â”â”â”â”â”â”â”â”â”â”â” 0s 9ms/step - loss: 0.0182 - mae: 0.1060
[2025-08-22T12:23:22.717+0000] {logging_mixin.py:151} INFO - 37/40 â”â”â”â”â”â”â”â”â”â”â”â”â”â”â”â”â”â”â”â” 0s 9ms/step - loss: 0.0179 - mae: 0.1051
[2025-08-22T12:23:22.781+0000] {logging_mixin.py:151} INFO - 40/40 â”â”â”â”â”â”â”â”â”â”â”â”â”â”â”â”â”â”â”â” 0s 10ms/step - loss: 0.0166 - mae: 0.0996 - val_loss: 0.0635 - val_mae: 0.1982
[2025-08-22T12:23:22.782+0000] {logging_mixin.py:151} INFO - Epoch 24/30
[2025-08-22T12:23:22.799+0000] {logging_mixin.py:151} INFO -  1/40 â”â”â”â”â”â”â”â”â”â”â”â”â”â”â”â”â”â”â”â” 0s 17ms/step - loss: 0.0130 - mae: 0.0851
[2025-08-22T12:23:22.853+0000] {logging_mixin.py:151} INFO -  7/40 â”â”â”â”â”â”â”â”â”â”â”â”â”â”â”â”â”â”â”â” 0s 9ms/step - loss: 0.0168 - mae: 0.1014 
[2025-08-22T12:23:22.907+0000] {logging_mixin.py:151} INFO - 13/40 â”â”â”â”â”â”â”â”â”â”â”â”â”â”â”â”â”â”â”â” 0s 9ms/step - loss: 0.0172 - mae: 0.1020
[2025-08-22T12:23:22.959+0000] {logging_mixin.py:151} INFO - 19/40 â”â”â”â”â”â”â”â”â”â”â”â”â”â”â”â”â”â”â”â” 0s 9ms/step - loss: 0.0172 - mae: 0.1014
[2025-08-22T12:23:23.015+0000] {logging_mixin.py:151} INFO - 25/40 â”â”â”â”â”â”â”â”â”â”â”â”â”â”â”â”â”â”â”â” 0s 9ms/step - loss: 0.0170 - mae: 0.1004
[2025-08-22T12:23:23.068+0000] {logging_mixin.py:151} INFO - 31/40 â”â”â”â”â”â”â”â”â”â”â”â”â”â”â”â”â”â”â”â” 0s 9ms/step - loss: 0.0168 - mae: 0.0995
[2025-08-22T12:23:23.122+0000] {logging_mixin.py:151} INFO - 37/40 â”â”â”â”â”â”â”â”â”â”â”â”â”â”â”â”â”â”â”â” 0s 9ms/step - loss: 0.0167 - mae: 0.0992
[2025-08-22T12:23:23.188+0000] {logging_mixin.py:151} INFO - 40/40 â”â”â”â”â”â”â”â”â”â”â”â”â”â”â”â”â”â”â”â” 0s 10ms/step - loss: 0.0161 - mae: 0.0965 - val_loss: 0.0875 - val_mae: 0.2319
[2025-08-22T12:23:23.189+0000] {logging_mixin.py:151} INFO - Epoch 25/30
[2025-08-22T12:23:23.205+0000] {logging_mixin.py:151} INFO -  1/40 â”â”â”â”â”â”â”â”â”â”â”â”â”â”â”â”â”â”â”â” 0s 16ms/step - loss: 0.0173 - mae: 0.0781
[2025-08-22T12:23:23.259+0000] {logging_mixin.py:151} INFO -  7/40 â”â”â”â”â”â”â”â”â”â”â”â”â”â”â”â”â”â”â”â” 0s 9ms/step - loss: 0.0194 - mae: 0.1012 
[2025-08-22T12:23:23.313+0000] {logging_mixin.py:151} INFO - 13/40 â”â”â”â”â”â”â”â”â”â”â”â”â”â”â”â”â”â”â”â” 0s 9ms/step - loss: 0.0188 - mae: 0.1016
[2025-08-22T12:23:23.367+0000] {logging_mixin.py:151} INFO - 19/40 â”â”â”â”â”â”â”â”â”â”â”â”â”â”â”â”â”â”â”â” 0s 9ms/step - loss: 0.0179 - mae: 0.0998
[2025-08-22T12:23:23.423+0000] {logging_mixin.py:151} INFO - 25/40 â”â”â”â”â”â”â”â”â”â”â”â”â”â”â”â”â”â”â”â” 0s 9ms/step - loss: 0.0172 - mae: 0.0982
[2025-08-22T12:23:23.477+0000] {logging_mixin.py:151} INFO - 31/40 â”â”â”â”â”â”â”â”â”â”â”â”â”â”â”â”â”â”â”â” 0s 9ms/step - loss: 0.0167 - mae: 0.0970
[2025-08-22T12:23:23.530+0000] {logging_mixin.py:151} INFO - 37/40 â”â”â”â”â”â”â”â”â”â”â”â”â”â”â”â”â”â”â”â” 0s 9ms/step - loss: 0.0163 - mae: 0.0961
[2025-08-22T12:23:23.594+0000] {logging_mixin.py:151} INFO - 40/40 â”â”â”â”â”â”â”â”â”â”â”â”â”â”â”â”â”â”â”â” 0s 10ms/step - loss: 0.0142 - mae: 0.0904 - val_loss: 0.0758 - val_mae: 0.2145
[2025-08-22T12:23:23.594+0000] {logging_mixin.py:151} INFO - Epoch 26/30
[2025-08-22T12:23:23.610+0000] {logging_mixin.py:151} INFO -  1/40 â”â”â”â”â”â”â”â”â”â”â”â”â”â”â”â”â”â”â”â” 0s 16ms/step - loss: 0.0215 - mae: 0.1202
[2025-08-22T12:23:23.664+0000] {logging_mixin.py:151} INFO -  7/40 â”â”â”â”â”â”â”â”â”â”â”â”â”â”â”â”â”â”â”â” 0s 9ms/step - loss: 0.0144 - mae: 0.0902 
[2025-08-22T12:23:23.717+0000] {logging_mixin.py:151} INFO - 13/40 â”â”â”â”â”â”â”â”â”â”â”â”â”â”â”â”â”â”â”â” 0s 9ms/step - loss: 0.0141 - mae: 0.0884
[2025-08-22T12:23:23.770+0000] {logging_mixin.py:151} INFO - 19/40 â”â”â”â”â”â”â”â”â”â”â”â”â”â”â”â”â”â”â”â” 0s 9ms/step - loss: 0.0140 - mae: 0.0880
[2025-08-22T12:23:23.828+0000] {logging_mixin.py:151} INFO - 25/40 â”â”â”â”â”â”â”â”â”â”â”â”â”â”â”â”â”â”â”â” 0s 9ms/step - loss: 0.0140 - mae: 0.0882
[2025-08-22T12:23:23.882+0000] {logging_mixin.py:151} INFO - 31/40 â”â”â”â”â”â”â”â”â”â”â”â”â”â”â”â”â”â”â”â” 0s 9ms/step - loss: 0.0140 - mae: 0.0886
[2025-08-22T12:23:23.936+0000] {logging_mixin.py:151} INFO - 37/40 â”â”â”â”â”â”â”â”â”â”â”â”â”â”â”â”â”â”â”â” 0s 9ms/step - loss: 0.0140 - mae: 0.0891
[2025-08-22T12:23:24.000+0000] {logging_mixin.py:151} INFO - 40/40 â”â”â”â”â”â”â”â”â”â”â”â”â”â”â”â”â”â”â”â” 0s 10ms/step - loss: 0.0143 - mae: 0.0914 - val_loss: 0.0768 - val_mae: 0.2046
[2025-08-22T12:23:24.001+0000] {logging_mixin.py:151} INFO - Epoch 27/30
[2025-08-22T12:23:24.017+0000] {logging_mixin.py:151} INFO -  1/40 â”â”â”â”â”â”â”â”â”â”â”â”â”â”â”â”â”â”â”â” 0s 16ms/step - loss: 0.0131 - mae: 0.0876
[2025-08-22T12:23:24.070+0000] {logging_mixin.py:151} INFO -  7/40 â”â”â”â”â”â”â”â”â”â”â”â”â”â”â”â”â”â”â”â” 0s 9ms/step - loss: 0.0119 - mae: 0.0779 
[2025-08-22T12:23:24.125+0000] {logging_mixin.py:151} INFO - 13/40 â”â”â”â”â”â”â”â”â”â”â”â”â”â”â”â”â”â”â”â” 0s 9ms/step - loss: 0.0128 - mae: 0.0805
[2025-08-22T12:23:24.180+0000] {logging_mixin.py:151} INFO - 19/40 â”â”â”â”â”â”â”â”â”â”â”â”â”â”â”â”â”â”â”â” 0s 9ms/step - loss: 0.0129 - mae: 0.0816
[2025-08-22T12:23:24.235+0000] {logging_mixin.py:151} INFO - 25/40 â”â”â”â”â”â”â”â”â”â”â”â”â”â”â”â”â”â”â”â” 0s 9ms/step - loss: 0.0130 - mae: 0.0827
[2025-08-22T12:23:24.294+0000] {logging_mixin.py:151} INFO - 31/40 â”â”â”â”â”â”â”â”â”â”â”â”â”â”â”â”â”â”â”â” 0s 9ms/step - loss: 0.0129 - mae: 0.0832
[2025-08-22T12:23:24.351+0000] {logging_mixin.py:151} INFO - 37/40 â”â”â”â”â”â”â”â”â”â”â”â”â”â”â”â”â”â”â”â” 0s 9ms/step - loss: 0.0129 - mae: 0.0838
[2025-08-22T12:23:24.416+0000] {logging_mixin.py:151} INFO - 40/40 â”â”â”â”â”â”â”â”â”â”â”â”â”â”â”â”â”â”â”â” 0s 10ms/step - loss: 0.0131 - mae: 0.0875 - val_loss: 0.0789 - val_mae: 0.2224
[2025-08-22T12:23:24.417+0000] {logging_mixin.py:151} INFO - Epoch 28/30
[2025-08-22T12:23:24.433+0000] {logging_mixin.py:151} INFO -  1/40 â”â”â”â”â”â”â”â”â”â”â”â”â”â”â”â”â”â”â”â” 0s 16ms/step - loss: 0.0100 - mae: 0.0652
[2025-08-22T12:23:24.487+0000] {logging_mixin.py:151} INFO -  7/40 â”â”â”â”â”â”â”â”â”â”â”â”â”â”â”â”â”â”â”â” 0s 9ms/step - loss: 0.0116 - mae: 0.0801 
[2025-08-22T12:23:24.541+0000] {logging_mixin.py:151} INFO - 13/40 â”â”â”â”â”â”â”â”â”â”â”â”â”â”â”â”â”â”â”â” 0s 9ms/step - loss: 0.0124 - mae: 0.0844
[2025-08-22T12:23:24.594+0000] {logging_mixin.py:151} INFO - 19/40 â”â”â”â”â”â”â”â”â”â”â”â”â”â”â”â”â”â”â”â” 0s 9ms/step - loss: 0.0127 - mae: 0.0862
[2025-08-22T12:23:24.649+0000] {logging_mixin.py:151} INFO - 25/40 â”â”â”â”â”â”â”â”â”â”â”â”â”â”â”â”â”â”â”â” 0s 9ms/step - loss: 0.0127 - mae: 0.0866
[2025-08-22T12:23:24.704+0000] {logging_mixin.py:151} INFO - 31/40 â”â”â”â”â”â”â”â”â”â”â”â”â”â”â”â”â”â”â”â” 0s 9ms/step - loss: 0.0128 - mae: 0.0870
[2025-08-22T12:23:24.757+0000] {logging_mixin.py:151} INFO - 37/40 â”â”â”â”â”â”â”â”â”â”â”â”â”â”â”â”â”â”â”â” 0s 9ms/step - loss: 0.0130 - mae: 0.0875
[2025-08-22T12:23:24.820+0000] {logging_mixin.py:151} INFO - 40/40 â”â”â”â”â”â”â”â”â”â”â”â”â”â”â”â”â”â”â”â” 0s 10ms/step - loss: 0.0139 - mae: 0.0906 - val_loss: 0.0833 - val_mae: 0.2211
[2025-08-22T12:23:24.821+0000] {logging_mixin.py:151} INFO - Epoch 29/30
[2025-08-22T12:23:24.839+0000] {logging_mixin.py:151} INFO -  1/40 â”â”â”â”â”â”â”â”â”â”â”â”â”â”â”â”â”â”â”â” 0s 18ms/step - loss: 0.0101 - mae: 0.0776
[2025-08-22T12:23:24.892+0000] {logging_mixin.py:151} INFO -  7/40 â”â”â”â”â”â”â”â”â”â”â”â”â”â”â”â”â”â”â”â” 0s 9ms/step - loss: 0.0158 - mae: 0.0959 
[2025-08-22T12:23:24.946+0000] {logging_mixin.py:151} INFO - 13/40 â”â”â”â”â”â”â”â”â”â”â”â”â”â”â”â”â”â”â”â” 0s 9ms/step - loss: 0.0157 - mae: 0.0956
[2025-08-22T12:23:24.999+0000] {logging_mixin.py:151} INFO - 19/40 â”â”â”â”â”â”â”â”â”â”â”â”â”â”â”â”â”â”â”â” 0s 9ms/step - loss: 0.0153 - mae: 0.0938
[2025-08-22T12:23:25.055+0000] {logging_mixin.py:151} INFO - 25/40 â”â”â”â”â”â”â”â”â”â”â”â”â”â”â”â”â”â”â”â” 0s 9ms/step - loss: 0.0147 - mae: 0.0919
[2025-08-22T12:23:25.110+0000] {logging_mixin.py:151} INFO - 31/40 â”â”â”â”â”â”â”â”â”â”â”â”â”â”â”â”â”â”â”â” 0s 9ms/step - loss: 0.0143 - mae: 0.0909
[2025-08-22T12:23:25.164+0000] {logging_mixin.py:151} INFO - 37/40 â”â”â”â”â”â”â”â”â”â”â”â”â”â”â”â”â”â”â”â” 0s 9ms/step - loss: 0.0140 - mae: 0.0900
[2025-08-22T12:23:25.229+0000] {logging_mixin.py:151} INFO - 40/40 â”â”â”â”â”â”â”â”â”â”â”â”â”â”â”â”â”â”â”â” 0s 10ms/step - loss: 0.0124 - mae: 0.0849 - val_loss: 0.0731 - val_mae: 0.2028
[2025-08-22T12:23:25.229+0000] {logging_mixin.py:151} INFO - Epoch 30/30
[2025-08-22T12:23:25.245+0000] {logging_mixin.py:151} INFO -  1/40 â”â”â”â”â”â”â”â”â”â”â”â”â”â”â”â”â”â”â”â” 0s 16ms/step - loss: 0.0161 - mae: 0.0867
[2025-08-22T12:23:25.299+0000] {logging_mixin.py:151} INFO -  7/40 â”â”â”â”â”â”â”â”â”â”â”â”â”â”â”â”â”â”â”â” 0s 9ms/step - loss: 0.0162 - mae: 0.0950 
[2025-08-22T12:23:25.355+0000] {logging_mixin.py:151} INFO - 13/40 â”â”â”â”â”â”â”â”â”â”â”â”â”â”â”â”â”â”â”â” 0s 9ms/step - loss: 0.0161 - mae: 0.0967
[2025-08-22T12:23:25.408+0000] {logging_mixin.py:151} INFO - 19/40 â”â”â”â”â”â”â”â”â”â”â”â”â”â”â”â”â”â”â”â” 0s 9ms/step - loss: 0.0154 - mae: 0.0950
[2025-08-22T12:23:25.462+0000] {logging_mixin.py:151} INFO - 25/40 â”â”â”â”â”â”â”â”â”â”â”â”â”â”â”â”â”â”â”â” 0s 9ms/step - loss: 0.0147 - mae: 0.0928
[2025-08-22T12:23:25.516+0000] {logging_mixin.py:151} INFO - 31/40 â”â”â”â”â”â”â”â”â”â”â”â”â”â”â”â”â”â”â”â” 0s 9ms/step - loss: 0.0142 - mae: 0.0909
[2025-08-22T12:23:25.569+0000] {logging_mixin.py:151} INFO - 37/40 â”â”â”â”â”â”â”â”â”â”â”â”â”â”â”â”â”â”â”â” 0s 9ms/step - loss: 0.0138 - mae: 0.0896
[2025-08-22T12:23:25.634+0000] {logging_mixin.py:151} INFO - 40/40 â”â”â”â”â”â”â”â”â”â”â”â”â”â”â”â”â”â”â”â” 0s 10ms/step - loss: 0.0121 - mae: 0.0840 - val_loss: 0.1043 - val_mae: 0.2477
[2025-08-22T12:23:25.636+0000] {volatility_lstm.py:156} INFO - Calculando mÃ©tricas...
[2025-08-22T12:23:25.740+0000] {logging_mixin.py:151} INFO - 1/4 â”â”â”â”â”â”â”â”â”â”â”â”â”â”â”â”â”â”â”â” 0s 88ms/step
[2025-08-22T12:23:25.834+0000] {logging_mixin.py:151} INFO - 4/4 â”â”â”â”â”â”â”â”â”â”â”â”â”â”â”â”â”â”â”â” 0s 31ms/step
[2025-08-22T12:23:25.839+0000] {logging_mixin.py:151} INFO - 4/4 â”â”â”â”â”â”â”â”â”â”â”â”â”â”â”â”â”â”â”â” 0s 33ms/step
[2025-08-22T12:23:25.868+0000] {volatility_lstm.py:170} INFO - MÃ©tricas - MSE: 0.000002, MAE: 0.000964, RMSE: 0.001257
[2025-08-22T12:23:26.343+0000] {credentials.py:1124} INFO - Found credentials in environment variables.
[2025-08-22T12:23:26.904+0000] {volatility_lstm.py:192} INFO - Registrando modelo en MLflow: crypto-predictor
[2025-08-22T12:23:26.937+0000] {volatility_lstm.py:231} ERROR - âŒ Error durante el entrenamiento: RESOURCE_ALREADY_EXISTS: Registered Model (name=crypto-predictor) already exists. Error: (psycopg2.errors.UniqueViolation) duplicate key value violates unique constraint "registered_model_pk"
DETAIL:  Key (name)=(crypto-predictor) already exists.

[SQL: INSERT INTO registered_models (name, creation_time, last_updated_time, description) VALUES (%(name)s, %(creation_time)s, %(last_updated_time)s, %(description)s)]
[parameters: {'name': 'crypto-predictor', 'creation_time': 1755865406931, 'last_updated_time': 1755865406931, 'description': ''}]
(Background on this error at: https://sqlalche.me/e/20/gkpj)
[2025-08-22T12:23:26.944+0000] {logging_mixin.py:151} INFO - âŒ Error durante el entrenamiento y registro del modelo: INVALID_PARAMETER_VALUE: Param value 'RESOURCE_ALREADY_EXISTS: Registered Model (name=crypto-predictor) already exists. Error: (psycopg2.errors.UniqueViolation) duplicate key value violates unique constraint "registered_model_pk"
DETAIL:  Key (name)=(crypto-predictor) already exists.

[S' had length 606, which exceeded length limit of 500

The cause of this error is typically due to repeated calls
to an individual run_id event logging.

Incorrect Example:
---------------------------------------
with mlflow.start_run():
    mlflow.log_param("depth", 3)
    mlflow.log_param("depth", 5)
---------------------------------------

Which will throw an MlflowException for overwriting a
logged parameter.

Correct Example:
---------------------------------------
with mlflow.start_run():
    with mlflow.start_run(nested=True):
        mlflow.log_param("depth", 3)
    with mlflow.start_run(nested=True):
        mlflow.log_param("depth", 5)
---------------------------------------

Which will create a new nested run for each individual
model and prevent parameter key collisions within the
tracking store.
[2025-08-22T12:23:26.944+0000] {taskinstance.py:1937} ERROR - Task failed with exception
Traceback (most recent call last):
  File "/opt/airflow/ml/models/volatility_lstm.py", line 197, in train
    registered_model = client.get_registered_model(registered_model_name)
                       ^^^^^^^^^^^^^^^^^^^^^^^^^^^^^^^^^^^^^^^^^^^^^^^^^^
  File "/home/airflow/.local/lib/python3.11/site-packages/mlflow/tracking/client.py", line 2355, in get_registered_model
    return self._get_registry_client().get_registered_model(name)
           ^^^^^^^^^^^^^^^^^^^^^^^^^^^^^^^^^^^^^^^^^^^^^^^^^^^^^^
  File "/home/airflow/.local/lib/python3.11/site-packages/mlflow/tracking/_model_registry/client.py", line 127, in get_registered_model
    return self.store.get_registered_model(name)
           ^^^^^^^^^^^^^^^^^^^^^^^^^^^^^^^^^^^^^
  File "/home/airflow/.local/lib/python3.11/site-packages/mlflow/store/model_registry/rest_store.py", line 155, in get_registered_model
    response_proto = self._call_endpoint(GetRegisteredModel, req_body)
                     ^^^^^^^^^^^^^^^^^^^^^^^^^^^^^^^^^^^^^^^^^^^^^^^^^
  File "/home/airflow/.local/lib/python3.11/site-packages/mlflow/store/model_registry/base_rest_store.py", line 44, in _call_endpoint
    return call_endpoint(
           ^^^^^^^^^^^^^^
  File "/home/airflow/.local/lib/python3.11/site-packages/mlflow/utils/rest_utils.py", line 202, in call_endpoint
    response = verify_rest_response(response, endpoint)
               ^^^^^^^^^^^^^^^^^^^^^^^^^^^^^^^^^^^^^^^^
  File "/home/airflow/.local/lib/python3.11/site-packages/mlflow/utils/rest_utils.py", line 134, in verify_rest_response
    raise RestException(json.loads(response.text))
mlflow.exceptions.RestException: RESOURCE_DOES_NOT_EXIST: Registered Model with name=crypto-predictor not found

During handling of the above exception, another exception occurred:

Traceback (most recent call last):
  File "/opt/airflow/ml/models/volatility_lstm.py", line 200, in train
    client.create_registered_model(registered_model_name)
  File "/home/airflow/.local/lib/python3.11/site-packages/mlflow/tracking/client.py", line 2062, in create_registered_model
    return self._get_registry_client().create_registered_model(name, tags, description)
           ^^^^^^^^^^^^^^^^^^^^^^^^^^^^^^^^^^^^^^^^^^^^^^^^^^^^^^^^^^^^^^^^^^^^^^^^^^^^
  File "/home/airflow/.local/lib/python3.11/site-packages/mlflow/tracking/_model_registry/client.py", line 64, in create_registered_model
    return self.store.create_registered_model(name, tags, description)
           ^^^^^^^^^^^^^^^^^^^^^^^^^^^^^^^^^^^^^^^^^^^^^^^^^^^^^^^^^^^
  File "/home/airflow/.local/lib/python3.11/site-packages/mlflow/store/model_registry/rest_store.py", line 78, in create_registered_model
    response_proto = self._call_endpoint(CreateRegisteredModel, req_body)
                     ^^^^^^^^^^^^^^^^^^^^^^^^^^^^^^^^^^^^^^^^^^^^^^^^^^^^
  File "/home/airflow/.local/lib/python3.11/site-packages/mlflow/store/model_registry/base_rest_store.py", line 44, in _call_endpoint
    return call_endpoint(
           ^^^^^^^^^^^^^^
  File "/home/airflow/.local/lib/python3.11/site-packages/mlflow/utils/rest_utils.py", line 202, in call_endpoint
    response = verify_rest_response(response, endpoint)
               ^^^^^^^^^^^^^^^^^^^^^^^^^^^^^^^^^^^^^^^^
  File "/home/airflow/.local/lib/python3.11/site-packages/mlflow/utils/rest_utils.py", line 134, in verify_rest_response
    raise RestException(json.loads(response.text))
mlflow.exceptions.RestException: RESOURCE_ALREADY_EXISTS: Registered Model (name=crypto-predictor) already exists. Error: (psycopg2.errors.UniqueViolation) duplicate key value violates unique constraint "registered_model_pk"
DETAIL:  Key (name)=(crypto-predictor) already exists.

[SQL: INSERT INTO registered_models (name, creation_time, last_updated_time, description) VALUES (%(name)s, %(creation_time)s, %(last_updated_time)s, %(description)s)]
[parameters: {'name': 'crypto-predictor', 'creation_time': 1755865406931, 'last_updated_time': 1755865406931, 'description': ''}]
(Background on this error at: https://sqlalche.me/e/20/gkpj)

During handling of the above exception, another exception occurred:

Traceback (most recent call last):
  File "/home/airflow/.local/lib/python3.11/site-packages/mlflow/tracking/_tracking_service/client.py", line 295, in log_param
    self.store.log_param(run_id, param)
  File "/home/airflow/.local/lib/python3.11/site-packages/mlflow/store/tracking/rest_store.py", line 210, in log_param
    self._call_endpoint(LogParam, req_body)
  File "/home/airflow/.local/lib/python3.11/site-packages/mlflow/store/tracking/rest_store.py", line 59, in _call_endpoint
    return call_endpoint(self.get_host_creds(), endpoint, method, json_body, response_proto)
           ^^^^^^^^^^^^^^^^^^^^^^^^^^^^^^^^^^^^^^^^^^^^^^^^^^^^^^^^^^^^^^^^^^^^^^^^^^^^^^^^^
  File "/home/airflow/.local/lib/python3.11/site-packages/mlflow/utils/rest_utils.py", line 202, in call_endpoint
    response = verify_rest_response(response, endpoint)
               ^^^^^^^^^^^^^^^^^^^^^^^^^^^^^^^^^^^^^^^^
  File "/home/airflow/.local/lib/python3.11/site-packages/mlflow/utils/rest_utils.py", line 134, in verify_rest_response
    raise RestException(json.loads(response.text))
mlflow.exceptions.RestException: INVALID_PARAMETER_VALUE: Param value 'RESOURCE_ALREADY_EXISTS: Registered Model (name=crypto-predictor) already exists. Error: (psycopg2.errors.UniqueViolation) duplicate key value violates unique constraint "registered_model_pk"
DETAIL:  Key (name)=(crypto-predictor) already exists.

[S' had length 606, which exceeded length limit of 500

During handling of the above exception, another exception occurred:

Traceback (most recent call last):
  File "/home/airflow/.local/lib/python3.11/site-packages/airflow/operators/python.py", line 192, in execute
    return_value = self.execute_callable()
                   ^^^^^^^^^^^^^^^^^^^^^^^
  File "/home/airflow/.local/lib/python3.11/site-packages/airflow/operators/python.py", line 209, in execute_callable
    return self.python_callable(*self.op_args, **self.op_kwargs)
           ^^^^^^^^^^^^^^^^^^^^^^^^^^^^^^^^^^^^^^^^^^^^^^^^^^^^^
  File "/opt/airflow/dags/crypto_ml_pipeline.py", line 249, in retrain_model
    raise e
  File "/opt/airflow/dags/crypto_ml_pipeline.py", line 234, in retrain_model
    model_instance.train(
  File "/opt/airflow/ml/models/volatility_lstm.py", line 233, in train
    mlflow.log_param("error", str(e))
  File "/home/airflow/.local/lib/python3.11/site-packages/mlflow/tracking/fluent.py", line 598, in log_param
    return MlflowClient().log_param(run_id, key, value)
           ^^^^^^^^^^^^^^^^^^^^^^^^^^^^^^^^^^^^^^^^^^^^
  File "/home/airflow/.local/lib/python3.11/site-packages/mlflow/tracking/client.py", line 807, in log_param
    self._tracking_client.log_param(run_id, key, value)
  File "/home/airflow/.local/lib/python3.11/site-packages/mlflow/tracking/_tracking_service/client.py", line 299, in log_param
    raise MlflowException(msg, INVALID_PARAMETER_VALUE)
mlflow.exceptions.MlflowException: INVALID_PARAMETER_VALUE: Param value 'RESOURCE_ALREADY_EXISTS: Registered Model (name=crypto-predictor) already exists. Error: (psycopg2.errors.UniqueViolation) duplicate key value violates unique constraint "registered_model_pk"
DETAIL:  Key (name)=(crypto-predictor) already exists.

[S' had length 606, which exceeded length limit of 500

The cause of this error is typically due to repeated calls
to an individual run_id event logging.

Incorrect Example:
---------------------------------------
with mlflow.start_run():
    mlflow.log_param("depth", 3)
    mlflow.log_param("depth", 5)
---------------------------------------

Which will throw an MlflowException for overwriting a
logged parameter.

Correct Example:
---------------------------------------
with mlflow.start_run():
    with mlflow.start_run(nested=True):
        mlflow.log_param("depth", 3)
    with mlflow.start_run(nested=True):
        mlflow.log_param("depth", 5)
---------------------------------------

Which will create a new nested run for each individual
model and prevent parameter key collisions within the
tracking store.
[2025-08-22T12:23:26.956+0000] {taskinstance.py:1400} INFO - Marking task as UP_FOR_RETRY. dag_id=crypto_ml_pipeline, task_id=retrain_model, execution_date=20250822T062237, start_date=20250822T122311, end_date=20250822T122326
[2025-08-22T12:23:26.964+0000] {standard_task_runner.py:104} ERROR - Failed to execute job 8 for task retrain_model (INVALID_PARAMETER_VALUE: Param value 'RESOURCE_ALREADY_EXISTS: Registered Model (name=crypto-predictor) already exists. Error: (psycopg2.errors.UniqueViolation) duplicate key value violates unique constraint "registered_model_pk"
DETAIL:  Key (name)=(crypto-predictor) already exists.

[S' had length 606, which exceeded length limit of 500

The cause of this error is typically due to repeated calls
to an individual run_id event logging.

Incorrect Example:
---------------------------------------
with mlflow.start_run():
    mlflow.log_param("depth", 3)
    mlflow.log_param("depth", 5)
---------------------------------------

Which will throw an MlflowException for overwriting a
logged parameter.

Correct Example:
---------------------------------------
with mlflow.start_run():
    with mlflow.start_run(nested=True):
        mlflow.log_param("depth", 3)
    with mlflow.start_run(nested=True):
        mlflow.log_param("depth", 5)
---------------------------------------

Which will create a new nested run for each individual
model and prevent parameter key collisions within the
tracking store.; 342)
[2025-08-22T12:23:27.019+0000] {local_task_job_runner.py:228} INFO - Task exited with return code 1
[2025-08-22T12:23:27.031+0000] {taskinstance.py:2778} INFO - 0 downstream tasks scheduled from follow-on schedule check
